Функция my_function ок. Результат: 5

Функция my_function ок. Результат: 5

